export const snapshot = {};

snapshot[`createNewMatchFromTwoRecommendation should create a new match and delete the recommendations 1`] = `
[
  [
    {
      from: [
        "u_matches",
      ],
    },
    {
      insert: [
        {
          user1_id: "789",
          user2_id: "012",
        },
      ],
    },
    {
      from: [
        "u_recommendations",
      ],
    },
    {
      delete: [],
    },
    {
      eq: [
        "id",
        123,
      ],
    },
    {
      from: [
        "u_recommendations",
      ],
    },
    {
      delete: [],
    },
    {
      eq: [
        "id",
        456,
      ],
    },
  ],
  [
    {
      from: [
        "u_matches",
      ],
    },
    {
      insert: [
        {
          user1_id: "789",
          user2_id: "012",
        },
      ],
    },
    {
      from: [
        "u_recommendations",
      ],
    },
    {
      delete: [],
    },
    {
      eq: [
        "id",
        123,
      ],
    },
    {
      from: [
        "u_recommendations",
      ],
    },
    {
      delete: [],
    },
    {
      eq: [
        "id",
        456,
      ],
    },
  ],
  [
    {
      from: [
        "u_matches",
      ],
    },
    {
      insert: [
        {
          user1_id: "789",
          user2_id: "012",
        },
      ],
    },
    {
      from: [
        "u_recommendations",
      ],
    },
    {
      delete: [],
    },
    {
      eq: [
        "id",
        123,
      ],
    },
    {
      from: [
        "u_recommendations",
      ],
    },
    {
      delete: [],
    },
    {
      eq: [
        "id",
        456,
      ],
    },
  ],
]
`;
